
Circuit 1 cell sky130_fd_pr__pfet_01v8_lvt and Circuit 2 cell sky130_fd_pr__pfet_01v8_lvt are black boxes.
Warning: Equate pins:  cell sky130_fd_pr__pfet_01v8_lvt is a placeholder, treated as a black box.
Warning: Equate pins:  cell sky130_fd_pr__pfet_01v8_lvt is a placeholder, treated as a black box.

Subcircuit pins:
Circuit 1: sky130_fd_pr__pfet_01v8_lvt     |Circuit 2: sky130_fd_pr__pfet_01v8_lvt     
-------------------------------------------|-------------------------------------------
1                                          |1                                          
2                                          |2                                          
3                                          |3                                          
4                                          |4                                          
---------------------------------------------------------------------------------------
Cell pin lists are equivalent.
Device classes sky130_fd_pr__pfet_01v8_lvt and sky130_fd_pr__pfet_01v8_lvt are equivalent.

Circuit 1 cell sky130_fd_pr__nfet_01v8_lvt and Circuit 2 cell sky130_fd_pr__nfet_01v8_lvt are black boxes.
Warning: Equate pins:  cell sky130_fd_pr__nfet_01v8_lvt is a placeholder, treated as a black box.
Warning: Equate pins:  cell sky130_fd_pr__nfet_01v8_lvt is a placeholder, treated as a black box.

Subcircuit pins:
Circuit 1: sky130_fd_pr__nfet_01v8_lvt     |Circuit 2: sky130_fd_pr__nfet_01v8_lvt     
-------------------------------------------|-------------------------------------------
1                                          |1                                          
2                                          |2                                          
3                                          |3                                          
4                                          |4                                          
---------------------------------------------------------------------------------------
Cell pin lists are equivalent.
Device classes sky130_fd_pr__nfet_01v8_lvt and sky130_fd_pr__nfet_01v8_lvt are equivalent.

Circuit 1 cell sky130_fd_pr__pnp_05v5_W3p40L3p40 and Circuit 2 cell sky130_fd_pr__pnp_05v5_W3p40L3p40 are black boxes.
Warning: Equate pins:  cell sky130_fd_pr__pnp_05v5_W3p40L3p40 is a placeholder, treated as a black box.
Warning: Equate pins:  cell sky130_fd_pr__pnp_05v5_W3p40L3p40 is a placeholder, treated as a black box.

Subcircuit pins:
Circuit 1: sky130_fd_pr__pnp_05v5_W3p40L3p |Circuit 2: sky130_fd_pr__pnp_05v5_W3p40L3p 
-------------------------------------------|-------------------------------------------
1                                          |1                                          
2                                          |2                                          
3                                          |3                                          
---------------------------------------------------------------------------------------
Cell pin lists are equivalent.
Device classes sky130_fd_pr__pnp_05v5_W3p40L3p40 and sky130_fd_pr__pnp_05v5_W3p40L3p40 are equivalent.

Circuit 1 cell sky130_fd_pr__res_high_po_1p41 and Circuit 2 cell sky130_fd_pr__res_high_po_1p41 are black boxes.
Warning: Equate pins:  cell sky130_fd_pr__res_high_po_1p41 is a placeholder, treated as a black box.
Warning: Equate pins:  cell sky130_fd_pr__res_high_po_1p41 is a placeholder, treated as a black box.

Subcircuit pins:
Circuit 1: sky130_fd_pr__res_high_po_1p41  |Circuit 2: sky130_fd_pr__res_high_po_1p41  
-------------------------------------------|-------------------------------------------
1                                          |1                                          
2                                          |2                                          
3                                          |3                                          
---------------------------------------------------------------------------------------
Cell pin lists are equivalent.
Device classes sky130_fd_pr__res_high_po_1p41 and sky130_fd_pr__res_high_po_1p41 are equivalent.

Class bgr (0):  Merged 2 parallel devices.
Class bgr (0):  Merged 18 series devices.
Class top (1):  Merged 2 parallel devices.
Class top (1):  Merged 18 series devices.
Subcircuit summary:
Circuit 1: bgr                             |Circuit 2: top                             
-------------------------------------------|-------------------------------------------
sky130_fd_pr__pfet_01v8_lvt (16->6)        |sky130_fd_pr__pfet_01v8_lvt (16->6)        
sky130_fd_pr__nfet_01v8_lvt (18->4)        |sky130_fd_pr__nfet_01v8_lvt (18->4)        
sky130_fd_pr__pnp_05v5_W3p40L3p40 (10->3)  |sky130_fd_pr__pnp_05v5_W3p40L3p40 (10->3)  
sky130_fd_pr__res_high_po_1p41 (22->2)     |sky130_fd_pr__res_high_po_1p41 (22->2)     
Number of devices: 15                      |Number of devices: 15                      
Number of nets: 12                         |Number of nets: 12                         
---------------------------------------------------------------------------------------
Netlists match uniquely.

Subcircuit pins:
Circuit 1: bgr                             |Circuit 2: top                             
-------------------------------------------|-------------------------------------------
gnd                                        |gnd                                        
vref                                       |vref                                       
vdd                                        |vdd                                        
---------------------------------------------------------------------------------------
Cell pin lists are equivalent.
Device classes bgr and top are equivalent.

Final result: Circuits match uniquely.
.
